import { MessageForm } from '@/components/message/MessageForm';
import { render } from '@testing-library/react';
import renderer from 'react-test-renderer';

describe('MessageForm', () => {
  it('should match snapshot', () => {
    const tree = renderer
      .create(<MessageForm onSubmit={jest.fn()} />)
      .toJSON();
    expect(tree).toMatchSnapshot();
  });

  it('should match snapshot with error state', () => {
    const tree = renderer
      .create(
        <MessageForm 
          onSubmit={jest.fn()} 
          error="Invalid message"
          initialValues={{
            platform: 'line',
            recipientId: 'test',
            content: 'Hello'
          }}
        />
      )
      .toJSON();
    expect(tree).toMatchSnapshot();
  });
});
